current directory: /app/vendor/bundle-ruby33/ruby/3.3.0/gems/prism-1.9.0/ext/prism
/usr/local/bin/ruby extconf.rb
checking for prism.h in /app/vendor/bundle-ruby33/ruby/3.3.0/gems/prism-1.9.0/include... yes
checking for prism/extension.h in /app/vendor/bundle-ruby33/ruby/3.3.0/gems/prism-1.9.0/ext... yes
checking for whether -fvisibility=hidden is accepted as CFLAGS... yes
creating Makefile

current directory: /app/vendor/bundle-ruby33/ruby/3.3.0/gems/prism-1.9.0/ext/prism
make DESTDIR\= sitearchdir\=./.gem.20260728-26-s5dcpp sitelibdir\=./.gem.20260728-26-s5dcpp clean

current directory: /app/vendor/bundle-ruby33/ruby/3.3.0/gems/prism-1.9.0/ext/prism
make DESTDIR\= sitearchdir\=./.gem.20260728-26-s5dcpp sitelibdir\=./.gem.20260728-26-s5dcpp
compiling api_node.c
compiling api_pack.c
compiling extension.c
compiling ./../../src/diagnostic.c
compiling ./../../src/encoding.c
compiling ./../../src/node.c
compiling ./../../src/options.c
./../../src/options.c:1:10: fatal error: prism/options.h: No such file or directory
    1 | #include "prism/options.h"
      |          ^~~~~~~~~~~~~~~~~
compilation terminated.
make: *** [Makefile:248: options.o] Error 1

make failed, exit code 2
